// Jest Snapshot v1, https://goo.gl/fbAQLP

exports[`Sets election config file 1`] = `
.c4 {
  display: -webkit-box;
  display: -webkit-flex;
  display: -ms-flexbox;
  display: flex;
  -webkit-flex-wrap: wrap-reverse;
  -ms-flex-wrap: wrap-reverse;
  flex-wrap: wrap-reverse;
  -webkit-align-items: center;
  -webkit-box-align: center;
  -ms-flex-align: center;
  align-items: center;
  -webkit-box-pack: justify;
  -webkit-justify-content: space-between;
  -ms-flex-pack: justify;
  justify-content: space-between;
  -webkit-order: -1;
  -ms-flex-order: -1;
  order: -1;
  border-bottom: 1px solid rgb(169,169,169);
  background: #455a64;
  padding: 0.25rem;
}

.c4 > * {
  -webkit-flex: 1;
  -ms-flex: 1;
  flex: 1;
  margin: 0.25rem;
}

.c1 {
  display: -webkit-box;
  display: -webkit-flex;
  display: -ms-flexbox;
  display: flex;
  -webkit-flex: 1;
  -ms-flex: 1;
  flex: 1;
  -webkit-flex-direction: column;
  -ms-flex-direction: column;
  flex-direction: column;
  overflow: auto;
  padding: 1rem 0.5rem 2rem;
}

.c2 {
  margin: auto auto;
  max-width: 35rem;
}

.c3 {
  margin: auto;
  width: 100%;
  max-width: 66ch;
  text-align: center;
  line-height: 1.2;
}

.c3 h1 {
  margin: 2rem 0 1rem;
  line-height: 1.1;
  font-size: 1.5rem;
}

.c3 h2 {
  margin: 1.5rem 0 0.75rem;
  font-size: 1.25rem;
}

.c3 h3,
.c3 p {
  margin-top: 1rem;
  margin-bottom: 1rem;
  font-size: 1rem;
}

.c3 h1 + h2 {
  margin-top: -0.75rem;
}

.c3 h1 + p,
.c3 h2 + p {
  margin-top: -0.75rem;
}

.c3 h3 + p {
  margin-top: -1rem;
}

.c3 :first-child {
  margin-top: 0;
}

.c3 :last-child {
  margin-bottom: 0;
}

.c0 {
  display: -webkit-box;
  display: -webkit-flex;
  display: -ms-flexbox;
  display: flex;
  -webkit-flex-direction: column;
  -ms-flex-direction: column;
  flex-direction: column;
  height: 100%;
}

.c0:focus {
  outline: none;
}

.c5 {
  color: #ffffff;
  font-size: 1.3rem;
  font-weight: 600;
}

.c5 span {
  font-weight: 400;
}

@media (min-width:480px) {
  .c4 > *:only-child {
    -webkit-flex: 0;
    -ms-flex: 0;
    flex: 0;
    margin: auto;
    min-width: 33.333%;
  }
}

@media print {
  .c4 {
    display: none;
  }
}

@media (min-width:480px) {
  .c1 {
    padding: 1rem 1rem 2rem;
  }
}

@media print {
  .c1 {
    -webkit-box-pack: start;
    -webkit-justify-content: flex-start;
    -ms-flex-pack: start;
    justify-content: flex-start;
    padding: 0;
  }
}

@media print {
  .c2 {
    margin: 0;
    max-width: 100%;
  }
}

@media (min-width:480px) {
  .c3 {
    line-height: 1.3;
  }
}

<div>
  <div
    class="c0"
    tabindex="-1"
  >
    <main
      class="c1"
    >
      <div
        class="c2"
      >
        <div
          class="c3"
        >
          <h1>
            Not Configured
          </h1>
          <p>
            Insert Election Clerk card.
          </p>
        </div>
      </div>
    </main>
    <nav
      class="c4"
    >
      <div
        class="c5"
      >
        VxMark
      </div>
      <div />
    </nav>
  </div>
</div>
`;
